Microchip MPLAB XC8 Compiler V1.34 ()

Linker command line:

-W-3 --edf=C:\Program Files (x86)\Microchip\xc8\v1.34\dat\en_msgs.txt -cs \
  -h+dist/default/production\COM_I2C.X.production.sym \
  --cmf=dist/default/production\COM_I2C.X.production.cmf -z -Q18F4431 \
  -oC:\Users\patrick\AppData\Local\Temp\shfk.6 \
  -Mdist/default/production/COM_I2C.X.production.map -E1 -ver=XC8 \
  -ASTACK=060h-02ffh -pstack=STACK -ACODE=00h-03FFFh -ACONST=00h-03FFFh \
  -ASMALLCONST=0300h-03FFhx61 -AMEDIUMCONST=0300h-03FFFh -ACOMRAM=01h-05Fh \
  -AABS1=00h-02FFh -ABIGRAM=01h-02FFh -ARAM=060h-0FFh,0100h-01FFhx2 \
  -ABANK0=060h-0FFh -ABANK1=0100h-01FFh -ABANK2=0200h-02FFh \
  -ASFR=0F60h-0FFFh \
  -preset_vec=00h,intcode=08h,intcodelo=018h,powerup,init,end_init \
  -pramtop=0300h -psmallconst=SMALLCONST -pmediumconst=MEDIUMCONST \
  -pconst=CONST -AFARRAM=00h-00h -ACONFIG=0300000h-030000Dh -pconfig=CONFIG \
  -AIDLOC=0200000h-0200007h -pidloc=IDLOC -AEEDATA=0F00000h-0F000FFh \
  -peeprom_data=EEDATA \
  -prdata=COMRAM,nvrram=COMRAM,nvbit=COMRAM,rbss=COMRAM,rbit=COMRAM \
  -pfarbss=FARRAM,fardata=FARRAM,nvFARRAM=FARRAM \
  -pintsave_regs=BIGRAM,bigbss=BIGRAM,bigdata=BIGRAM -pbss=RAM \
  -pidata=CODE,irdata=CODE,ibigdata=CODE,ifardata=CODE -prparam=COMRAM \
  C:\Users\patrick\AppData\Local\Temp\shfk.obj \
  dist/default/production\COM_I2C.X.production.obj 

Object code version is 3.11

Machine type is 18F4431

Call graph: (short form)




                Name                               Link     Load   Length Selector   Space Scale
C:\Users\patrick\AppData\Local\Temp\shfk.obj
                end_init                             D8       D8        4        C       0
                reset_vec                             0        0        4        0       0
                idloc                            200000   200000        8   200000       0
                config                           300000   300000        E   300000       0
dist/default/production\COM_I2C.X.production.obj
                intcodelo                            18       18       C0        C       0
                intcode                               8        8       10        4       0
                intcode_body                         DC       DC       70        C       0
                text5                               216      216        C        C       0
                text4                               1DC      1DC       2C        C       0
                text2                               1B0      1B0       2C        C       0
                text1                               17E      17E       32        C       0
                text0                               208      208        E        C       0
                cstackCOMRAM                          1        1       24        1       1
                dataCOMRAM                           31       31        A        1       1
                bssCOMRAM                            25       25        C        1       1
                cinit                               14C      14C       32        C       0
                idataCOMRAM                         222      222        A        C       0

TOTAL           Name                               Link     Load   Length     Space
        CLASS   STACK          

        CLASS   CODE           
                end_init                             D8       D8        4         0
                intcodelo                            18       18       C0         0
                intcode                               8        8       10         0
                reset_vec                             0        0        4         0
                intcode_body                         DC       DC       70         0
                text5                               216      216        C         0
                text4                               1DC      1DC       2C         0
                text2                               1B0      1B0       2C         0
                text1                               17E      17E       32         0
                text0                               208      208        E         0
                cinit                               14C      14C       32         0
                idataCOMRAM                         222      222        A         0

        CLASS   CONST          

        CLASS   SMALLCONST     

        CLASS   MEDIUMCONST    

        CLASS   COMRAM         
                cstackCOMRAM                          1        1       24         1
                dataCOMRAM                           31       31        A         1
                bssCOMRAM                            25       25        C         1

        CLASS   ABS1           

        CLASS   BIGRAM         

        CLASS   RAM            

        CLASS   BANK0          

        CLASS   BANK1          

        CLASS   BANK2          

        CLASS   SFR            

        CLASS   FARRAM         

        CLASS   CONFIG         
                config                           300000   300000        E         0

        CLASS   IDLOC          
                idloc                            200000   200000        8         0

        CLASS   EEDATA         



SEGMENTS        Name                           Load    Length   Top    Selector   Space  Class

                reset_vec                      000000  000004  000004         0       0  CODE    
                cstackCOMRAM                   000001  00003A  00003B         1       1  COMRAM  
                intcode                        000008  000010  000018         4       0  CODE    
                intcodelo                      000018  000214  00022C         C       0  CODE    
                idloc                          200000  000008  200008    200000       0  IDLOC   
                config                         300000  00000E  30000E    300000       0  CONFIG  


UNUSED ADDRESS RANGES

        Name                Unused          Largest block    Delta
        BANK0            000060-0000FF               A0
        BANK1            000100-0001FF              100
        BANK2            000200-0002FF              100
        BIGRAM           00003B-0002FF              2C5
        CODE             000004-000007                4
                         00022C-003FFF             3DD4
        COMRAM           00003B-00005F               25
        CONST            000004-000007                4
                         00022C-003FFF             3DD4
        EEDATA           F00000-F000FF              100
        MEDIUMCONST      000300-003FFF             3D00
        RAM              000060-0002FF              100
        SFR              000F60-000FFF               A0
        SMALLCONST       000300-003FFF              100
        STACK            000060-0002FF              2A0

                                  Symbol Table

I2C_Slave_config@I2c_mode      cstackCOMRAM 000023
I2C_Slave_config@I2c_slave_add cstackCOMRAM 000024
I2c_send_array@buffer          cstackCOMRAM 00000F
_ADCON1bits                    (abs)        000FC1
_ANSEL0                        (abs)        000FB8
_Buffer                        bssCOMRAM    000030
_I2C_Slave_config              text2        0001B0
_I2C_data                      bssCOMRAM    000025
_I2c_read_char2                text5        000216
_I2c_send_array                text4        0001DC
_INTCONbits                    (abs)        000FF2
_IPR1bits                      (abs)        000F9F
_ISRHigh                       intcode      000008
_ISRLow                        intcodelo    000018
_LATBbits                      (abs)        000F8A
_PIE1bits                      (abs)        000F9D
_PIR1bits                      (abs)        000F9E
_PORTA                         (abs)        000F80
_PORTB                         (abs)        000F81
_PORTC                         (abs)        000F82
_PORTD                         (abs)        000F83
_PORTE                         (abs)        000F84
_RCONbits                      (abs)        000FD0
_SSPADD                        (abs)        000FC8
_SSPBUF                        (abs)        000FC9
_SSPCONbits                    (abs)        000FC6
_SSPSTATbits                   (abs)        000FC7
_SYSTEM_INT                    text1        00017E
_TRISA                         (abs)        000F92
_TRISB                         (abs)        000F93
_TRISC                         (abs)        000F94
_TRISD                         (abs)        000F95
_TRISE                         (abs)        000F96
__CFG_BOREN$OFF                (abs)        000000
__CFG_BORV$45                  (abs)        000000
__CFG_CP0$OFF                  (abs)        000000
__CFG_CP1$OFF                  (abs)        000000
__CFG_CPB$OFF                  (abs)        000000
__CFG_CPD$OFF                  (abs)        000000
__CFG_DEBUG$OFF                (abs)        000000
__CFG_EBTR0$OFF                (abs)        000000
__CFG_EBTR1$OFF                (abs)        000000
__CFG_EBTRB$OFF                (abs)        000000
__CFG_FCMEN$OFF                (abs)        000000
__CFG_HPOL$LOW                 (abs)        000000
__CFG_IESO$OFF                 (abs)        000000
__CFG_LPOL$LOW                 (abs)        000000
__CFG_LVP$OFF                  (abs)        000000
__CFG_MCLRE$ON                 (abs)        000000
__CFG_OSC$HSPLL                (abs)        000000
__CFG_PWMPIN$OFF               (abs)        000000
__CFG_PWRTEN$ON                (abs)        000000
__CFG_SSPMX$RD1                (abs)        000000
__CFG_STVREN$ON                (abs)        000000
__CFG_T1OSCMX$OFF              (abs)        000000
__CFG_WDTEN$OFF                (abs)        000000
__CFG_WRT0$OFF                 (abs)        000000
__CFG_WRT1$OFF                 (abs)        000000
__CFG_WRTB$OFF                 (abs)        000000
__CFG_WRTC$OFF                 (abs)        000000
__CFG_WRTD$OFF                 (abs)        000000
__HRAM                         (abs)        000000
__Habs1                        abs1         000000
__Hbank0                       bank0        000000
__Hbank1                       bank1        000000
__Hbank2                       bank2        000000
__Hbigbss                      bigbss       000000
__Hbigdata                     bigdata      000000
__Hbigram                      bigram       000000
__Hbss                         bss          000000
__HbssCOMRAM                   bssCOMRAM    000000
__Hcinit                       cinit        000000
__Hclrtext                     clrtext      000000
__Hcomram                      comram       000000
__Hconfig                      config       30000E
__Hconst                       const        000000
__HcstackCOMRAM                cstackCOMRAM 000000
__Hdata                        data         000000
__HdataCOMRAM                  dataCOMRAM   000000
__Heeprom_data                 eeprom_data  000000
__Hend_init                    end_init     0000DC
__Hfarbss                      farbss       000000
__Hfardata                     fardata      000000
__Hibigdata                    ibigdata     000000
__Hidata                       idata        000000
__HidataCOMRAM                 idataCOMRAM  000000
__Hidloc                       idloc        200008
__Hifardata                    ifardata     000000
__Hinit                        init         0000D8
__Hintcode                     intcode      000018
__Hintcode_body                intcode_body 000000
__Hintcodelo                   intcodelo    0000D8
__Hintentry                    intentry     000000
__Hintret                      intret       000000
__Hintsave_regs                intsave_regs 000000
__Hirdata                      irdata       000000
__Hmediumconst                 mediumconst  000000
__HnvFARRAM                    nvFARRAM     000000
__Hnvbit                       nvbit        000000
__Hnvrram                      nvrram       000000
__Hparam                       rparam       000000
__Hpowerup                     powerup      0000D8
__Hram                         ram          000000
__Hramtop                      ramtop       000300
__Hrbit                        rbit         000000
__Hrbss                        rbss         000000
__Hrdata                       rdata        000000
__Hreset_vec                   reset_vec    000004
__Hrparam                      rparam       000000
__Hsfr                         sfr          000000
__Hsmallconst                  smallconst   000000
__Hspace_0                     (abs)        30000E
__Hspace_1                     (abs)        00003B
__Hspace_2                     (abs)        000000
__Hstack                       stack        000000
__Hstruct                      struct       000000
__Htemp                        temp         000000
__Htext                        text         000000
__Htext0                       text0        000000
__Htext1                       text1        000000
__Htext2                       text2        000000
__Htext4                       text4        000000
__Htext5                       text5        000000
__LRAM                         (abs)        000001
__Labs1                        abs1         000000
__Lbank0                       bank0        000000
__Lbank1                       bank1        000000
__Lbank2                       bank2        000000
__Lbigbss                      bigbss       000000
__Lbigdata                     bigdata      000000
__Lbigram                      bigram       000000
__Lbss                         bss          000000
__LbssCOMRAM                   bssCOMRAM    000000
__Lcinit                       cinit        000000
__Lclrtext                     clrtext      000000
__Lcomram                      comram       000000
__Lconfig                      config       300000
__Lconst                       const        000000
__LcstackCOMRAM                cstackCOMRAM 000000
__Ldata                        data         000000
__LdataCOMRAM                  dataCOMRAM   000000
__Leeprom_data                 eeprom_data  000000
__Lend_init                    end_init     0000D8
__Lfarbss                      farbss       000000
__Lfardata                     fardata      000000
__Libigdata                    ibigdata     000000
__Lidata                       idata        000000
__LidataCOMRAM                 idataCOMRAM  000000
__Lidloc                       idloc        200000
__Lifardata                    ifardata     000000
__Linit                        init         0000D8
__Lintcode                     intcode      000008
__Lintcode_body                intcode_body 000000
__Lintcodelo                   intcodelo    000018
__Lintentry                    intentry     000000
__Lintret                      intret       000000
__Lintsave_regs                intsave_regs 000000
__Lirdata                      irdata       000000
__Lmediumconst                 mediumconst  000000
__LnvFARRAM                    nvFARRAM     000000
__Lnvbit                       nvbit        000000
__Lnvrram                      nvrram       000000
__Lparam                       rparam       000000
__Lpowerup                     powerup      0000D8
__Lram                         ram          000000
__Lramtop                      ramtop       000300
__Lrbit                        rbit         000000
__Lrbss                        rbss         000000
__Lrdata                       rdata        000000
__Lreset_vec                   reset_vec    000000
__Lrparam                      rparam       000000
__Lsfr                         sfr          000000
__Lsmallconst                  smallconst   000000
__Lspace_0                     (abs)        000000
__Lspace_1                     (abs)        000000
__Lspace_2                     (abs)        000000
__Lstack                       stack        000000
__Lstruct                      struct       000000
__Ltemp                        temp         000000
__Ltext                        text         000000
__Ltext0                       text0        000000
__Ltext1                       text1        000000
__Ltext2                       text2        000000
__Ltext4                       text4        000000
__Ltext5                       text5        000000
__S0                           (abs)        30000E
__S1                           (abs)        00003B
__S2                           (abs)        000000
___inthi_sp                    stack        000000
___intlo_sp                    stack        000000
___param_bank                  (abs)        000010
___rparam_used                 (abs)        000001
___sp                          stack        000000
__accesstop                    (abs)        000060
__activetblptr                 (abs)        000000
__end_of_I2C_Slave_config      text2        0001DC
__end_of_I2c_read_char2        text5        000222
__end_of_I2c_send_array        text4        000208
__end_of_ISRHigh               intcode_body 00014C
__end_of_ISRLow                intcodelo    0000D8
__end_of_SYSTEM_INT            text1        0001B0
__end_of__initialization       cinit        000178
__end_of_main                  text0        000216
__initialization               cinit        00014C
__mediumconst                  mediumconst  000000
__pbssCOMRAM                   bssCOMRAM    000025
__pcinit                       cinit        00014C
__pcstackCOMRAM                cstackCOMRAM 000001
__pdataCOMRAM                  dataCOMRAM   000031
__pidataCOMRAM                 idataCOMRAM  000222
__pintcode                     intcode      000008
__pintcode_body                intcode_body 0000DC
__pintcodelo                   intcodelo    000018
__ptext0                       text0        000208
__ptext1                       text1        00017E
__ptext2                       text2        0001B0
__ptext4                       text4        0001DC
__ptext5                       text5        000216
__ramtop                       ramtop       000300
__size_of_I2C_Slave_config     (abs)        000000
__size_of_I2c_read_char2       (abs)        000000
__size_of_I2c_send_array       (abs)        000000
__size_of_ISRHigh              (abs)        000000
__size_of_ISRLow               (abs)        000000
__size_of_SYSTEM_INT           (abs)        000000
__size_of_main                 (abs)        000000
__smallconst                   smallconst   000000
_buffer                        dataCOMRAM   000031
_main                          text0        000208
end_of_initialization          cinit        000178
int_func                       intcode_body 0000DC
intlevel0                      text         000000
intlevel1                      text         000000
intlevel2                      text         000000
intlevel3                      text         000000
stackhi                        (abs)        0002FF
stacklo                        (abs)        000060
start                          init         0000D8
start_initialization           cinit        00014C


FUNCTION INFORMATION:

 *************** function _main *****************
 Defined at:
		line 145 in file "COM.c"
 Parameters:    Size  Location     Type
		None
 Auto vars:     Size  Location     Type
		None
 Return value:  Size  Location     Type
		None               void
 Registers used:
		wreg, status,2, status,0, cstack
 Tracked objects:
		On entry : 
		On exit  : 
		Unchanged: 
 Data sizes:     COMRAM   BANK0   BANK1   BANK2
      Params:         0       0       0       0
      Locals:         0       0       0       0
      Temps:          0       0       0       0
      Totals:         0       0       0       0
Total ram usage:        0 bytes
 Hardware stack levels required when called:    4
 This function calls:
		_I2C_Slave_config
		_SYSTEM_INT
 This function is called by:
		Startup code after reset
 This function uses a non-reentrant model


 *************** function _SYSTEM_INT *****************
 Defined at:
		line 87 in file "COM.c"
 Parameters:    Size  Location     Type
		None
 Auto vars:     Size  Location     Type
		None
 Return value:  Size  Location     Type
		None               void
 Registers used:
		wreg, status,2
 Tracked objects:
		On entry : 
		On exit  : 
		Unchanged: 
 Data sizes:     COMRAM   BANK0   BANK1   BANK2
      Params:         0       0       0       0
      Locals:         0       0       0       0
      Temps:          0       0       0       0
      Totals:         0       0       0       0
Total ram usage:        0 bytes
 Hardware stack levels used:    1
 Hardware stack levels required when called:    3
 This function calls:
		Nothing
 This function is called by:
		_main
 This function uses a non-reentrant model


 *************** function _I2C_Slave_config *****************
 Defined at:
		line 118 in file "COM.c"
 Parameters:    Size  Location     Type
		None
 Auto vars:     Size  Location     Type
  I2c_slave_ad    1   35[COMRAM] unsigned char 
  I2c_mode        1   34[COMRAM] unsigned char 
 Return value:  Size  Location     Type
		None               void
 Registers used:
		wreg, status,2, status,0
 Tracked objects:
		On entry : 
		On exit  : 
		Unchanged: 
 Data sizes:     COMRAM   BANK0   BANK1   BANK2
      Params:         0       0       0       0
      Locals:         2       0       0       0
      Temps:          0       0       0       0
      Totals:         2       0       0       0
Total ram usage:        2 bytes
 Hardware stack levels used:    1
 Hardware stack levels required when called:    3
 This function calls:
		Nothing
 This function is called by:
		_main
 This function uses a non-reentrant model


 *************** function _ISRLow *****************
 Defined at:
		line 25 in file "isr.c"
 Parameters:    Size  Location     Type
		None
 Auto vars:     Size  Location     Type
		None
 Return value:  Size  Location     Type
		None               void
 Registers used:
		wreg, fsr2l, fsr2h, status,2, status,0, prodl, prodh, cstack
 Tracked objects:
		On entry : 
		On exit  : 
		Unchanged: 
 Data sizes:     COMRAM   BANK0   BANK1   BANK2
      Params:         0       0       0       0
      Locals:         0       0       0       0
      Temps:         18       0       0       0
      Totals:        18       0       0       0
Total ram usage:       18 bytes
 Hardware stack levels used:    1
 Hardware stack levels required when called:    2
 This function calls:
		_I2c_read_char2
		_I2c_send_array
 This function is called by:
		Interrupt level 1
 This function uses a non-reentrant model


 *************** function _I2c_send_array *****************
 Defined at:
		line 57 in file "ssp.c"
 Parameters:    Size  Location     Type
  buffer          2   14[COMRAM] PTR unsigned char 
		 -> buffer(10), 
 Auto vars:     Size  Location     Type
		None
 Return value:  Size  Location     Type
		None               void
 Registers used:
		wreg, fsr2l, fsr2h, status,2, status,0, prodl, prodh
 Tracked objects:
		On entry : 
		On exit  : 
		Unchanged: 
 Data sizes:     COMRAM   BANK0   BANK1   BANK2
      Params:         2       0       0       0
      Locals:         0       0       0       0
      Temps:          0       0       0       0
      Totals:         2       0       0       0
Total ram usage:        2 bytes
 Hardware stack levels used:    1
 Hardware stack levels required when called:    1
 This function calls:
		Nothing
 This function is called by:
		_ISRLow
 This function uses a non-reentrant model


 *************** function _I2c_read_char2 *****************
 Defined at:
		line 37 in file "ssp.c"
 Parameters:    Size  Location     Type
		None
 Auto vars:     Size  Location     Type
		None
 Return value:  Size  Location     Type
		None               void
 Registers used:
		None
 Tracked objects:
		On entry : 
		On exit  : 
		Unchanged: 
 Data sizes:     COMRAM   BANK0   BANK1   BANK2
      Params:         0       0       0       0
      Locals:         0       0       0       0
      Temps:          0       0       0       0
      Totals:         0       0       0       0
Total ram usage:        0 bytes
 Hardware stack levels used:    1
 Hardware stack levels required when called:    1
 This function calls:
		Nothing
 This function is called by:
		_ISRLow
 This function uses a non-reentrant model


 *************** function _ISRHigh *****************
 Defined at:
		line 41 in file "isr.c"
 Parameters:    Size  Location     Type
		None
 Auto vars:     Size  Location     Type
		None
 Return value:  Size  Location     Type
		None               void
 Registers used:
		None
 Tracked objects:
		On entry : 
		On exit  : 
		Unchanged: 
 Data sizes:     COMRAM   BANK0   BANK1   BANK2
      Params:         0       0       0       0
      Locals:         0       0       0       0
      Temps:         14       0       0       0
      Totals:        14       0       0       0
Total ram usage:       14 bytes
 Hardware stack levels used:    1
 This function calls:
		Nothing
 This function is called by:
		Interrupt level 2
 This function uses a non-reentrant model



MODULE INFORMATION

Module		Function		Class		Link	Load	Size
isr.c
		_ISRHigh       		CODE           	0008	0000	129
		_ISRLow        		CODE           	0018	0000	193

isr.c estimated size: 322

shared
		__initializatio		CODE           	014C	0000	45

shared estimated size: 45

ssp.c
		_I2c_read_char2		CODE           	0216	0000	13
		_I2c_send_array		CODE           	01DC	0000	45

ssp.c estimated size: 58

COM.c
		_I2C_Slave_conf		CODE           	01B0	0000	45
		_main          		CODE           	0208	0000	15
		_SYSTEM_INT    		CODE           	017E	0000	51

COM.c estimated size: 111

