Microchip MPLAB XC8 Compiler V1.34 ()

Linker command line:

-W-3 --edf=C:\Program Files (x86)\Microchip\xc8\v1.34\dat\en_msgs.txt -cs \
  -h+dist/default/debug\pic18f4431.X.debug.sym \
  --cmf=dist/default/debug\pic18f4431.X.debug.cmf -z -Q18F4431 \
  -oC:\Users\patrick\AppData\Local\Temp\s8ng.6 \
  -Mdist/default/debug/pic18f4431.X.debug.map -E1 -ver=XC8 \
  -ASTACK=060h-02eeh -pstack=STACK -ACODE=00h-03CFFh -ACONST=00h-03CFFh \
  -ASMALLCONST=0300h-03FFhx58 -AMEDIUMCONST=0300h-03CFFh -ACOMRAM=01h-05Fh \
  -AABS1=00h-02EEh -ABIGRAM=01h-02EEh \
  -ARAM=060h-0FFh,0100h-01FFh,0200h-02EEh -ABANK0=060h-0FFh \
  -ABANK1=0100h-01FFh -ABANK2=0200h-02EEh \
  -ASFR=0F60h-0F9Bh,0F9Dh-0FD3h,0FD5h-0FDAh,0FE0h-0FE2h,0FE8h-0FEAh,0FF0h-0FFBh \
  -preset_vec=00h,intcode=08h,intcodelo=018h,powerup,init,end_init \
  -pramtop=0300h -psmallconst=SMALLCONST -pmediumconst=MEDIUMCONST \
  -pconst=CONST -AFARRAM=00h-00h -ACONFIG=0300000h-030000Dh -pconfig=CONFIG \
  -AIDLOC=0200000h-0200007h -pidloc=IDLOC -AEEDATA=0F00000h-0F000FFh \
  -peeprom_data=EEDATA \
  -prdata=COMRAM,nvrram=COMRAM,nvbit=COMRAM,rbss=COMRAM,rbit=COMRAM \
  -pfarbss=FARRAM,fardata=FARRAM,nvFARRAM=FARRAM \
  -pintsave_regs=BIGRAM,bigbss=BIGRAM,bigdata=BIGRAM -pbss=RAM \
  -pidata=CODE,irdata=CODE,ibigdata=CODE,ifardata=CODE -prparam=COMRAM \
  C:\Users\patrick\AppData\Local\Temp\s8ng.obj \
  dist/default/debug\pic18f4431.X.debug.obj 

Object code version is 3.11

Machine type is 18F4431

Call graph: (short form)




                Name                               Link     Load   Length Selector   Space Scale
C:\Users\patrick\AppData\Local\Temp\s8ng.obj
                end_init                             A2       A2        4        C       0
                reset_vec                             0        0        6        0       0
                idloc                            200000   200000        8   200000       0
                config                           300000   300000        E   300000       0
dist/default/debug\pic18f4431.X.debug.obj
                intcodelo                            18       18       8A        C       0
                intcode                               8        8       10        4       0
                text8                               204      204        A        C       0
                intcode_body                         A6       A6       84        C       0
                text5                               20E      20E        6        C       0
                text4                               192      192       2A        C       0
                text3                               1F4      1F4       10        C       0
                text2                               1E0      1E0       14        C       0
                text1                               1BC      1BC       24        C       0
                text0                               12A      12A       3C        C       0
                cstackCOMRAM                          1        1       21        1       1
                dataCOMRAM                           22       22        5        1       1
                bssCOMRAM                            27       27        3        1       1
                cinit                               166      166       2C        C       0
                idataCOMRAM                         214      214        5        C       0

TOTAL           Name                               Link     Load   Length     Space
        CLASS   STACK          

        CLASS   CODE           
                end_init                             A2       A2        4         0
                intcodelo                            18       18       8A         0
                intcode                               8        8       10         0
                reset_vec                             0        0        6         0
                text8                               204      204        A         0
                intcode_body                         A6       A6       84         0
                text5                               20E      20E        6         0
                text4                               192      192       2A         0
                text3                               1F4      1F4       10         0
                text2                               1E0      1E0       14         0
                text1                               1BC      1BC       24         0
                text0                               12A      12A       3C         0
                cinit                               166      166       2C         0
                idataCOMRAM                         214      214        5         0

        CLASS   CONST          

        CLASS   SMALLCONST     

        CLASS   MEDIUMCONST    

        CLASS   COMRAM         
                cstackCOMRAM                          1        1       21         1
                dataCOMRAM                           22       22        5         1
                bssCOMRAM                            27       27        3         1

        CLASS   ABS1           

        CLASS   BIGRAM         

        CLASS   RAM            

        CLASS   BANK0          

        CLASS   BANK1          

        CLASS   BANK2          

        CLASS   SFR            

        CLASS   FARRAM         

        CLASS   CONFIG         
                config                           300000   300000        E         0

        CLASS   IDLOC          
                idloc                            200000   200000        8         0

        CLASS   EEDATA         



SEGMENTS        Name                           Load    Length   Top    Selector   Space  Class

                reset_vec                      000000  000006  000006         0       0  CODE    
                cstackCOMRAM                   000001  000029  00002A         1       1  COMRAM  
                intcode                        000008  000010  000018         4       0  CODE    
                intcodelo                      000018  000201  000219         C       0  CODE    
                idloc                          200000  000008  200008    200000       0  IDLOC   
                config                         300000  00000E  30000E    300000       0  CONFIG  


UNUSED ADDRESS RANGES

        Name                Unused          Largest block    Delta
        BANK0            000060-0000FF               A0
        BANK1            000100-0001FF              100
        BANK2            000200-0002EE               EF
        BIGRAM           00002A-0002EE              2C5
        CODE             000006-000007                2
                         000219-003CFF             3AE7
        COMRAM           00002A-00005F               36
        CONST            000006-000007                2
                         000219-003CFF             3AE7
        EEDATA           F00000-F000FF              100
        MEDIUMCONST      000300-003CFF             3A00
        RAM              000060-0002EE              100
        SFR              000F60-000F9B               3C
                         000F9D-000FD3               37
                         000FD5-000FDA                6
                         000FE0-000FE2                3
                         000FE8-000FEA                3
                         000FF0-000FFB                C
        SMALLCONST       000300-003CFF              100
        STACK            000060-0002EE              28F

                                  Symbol Table

Timer5_Start@PR_value     cstackCOMRAM 000020
_ADCHS                    (abs)        000F99
_ADCON0                   (abs)        000FC2
_ADCON0bits               (abs)        000FC2
_ADCON1                   (abs)        000FC1
_ADCON1bits               (abs)        000FC1
_ADCON2                   (abs)        000FC0
_ADCON3                   (abs)        000F9A
_ADRES                    (abs)        000FC3
_BAUDCTLbits              (abs)        000FAA
_Buffer                   bssCOMRAM    000027
_CloseADC                 text5        00020E
_DTCON                    (abs)        000F6D
_DTCONbits                (abs)        000F6D
_INTCONbits               (abs)        000FF2
_IPR1bits                 (abs)        000F9F
_IPR3bits                 (abs)        000FA5
_LATBbits                 (abs)        000F8A
_OVDCOND                  (abs)        000F6B
_OVDCONS                  (abs)        000F6A
_PDC0H                    (abs)        000F78
_PDC0L                    (abs)        000F79
_PDC1H                    (abs)        000F76
_PDC1L                    (abs)        000F77
_PDC2H                    (abs)        000F74
_PDC2L                    (abs)        000F75
_PDC3H                    (abs)        000F72
_PDC3L                    (abs)        000F73
_PIE1bits                 (abs)        000F9D
_PIE3bits                 (abs)        000FA3
_PIR1bits                 (abs)        000F9E
_PIR3bits                 (abs)        000FA4
_PORTA                    (abs)        000F80
_PORTB                    (abs)        000F81
_PORTC                    (abs)        000F82
_PORTD                    (abs)        000F83
_PORTE                    (abs)        000F84
_PTCON0bits               (abs)        000F7F
_PTCON1bits               (abs)        000F7E
_PTPERH                   (abs)        000F7A
_PTPERL                   (abs)        000F7B
_PWMCON0bits              (abs)        000F6F
_PWMCON1bits              (abs)        000F6E
_RCREG                    (abs)        000FAE
_RCSTAbits                (abs)        000FAB
_SPBRG                    (abs)        000FAF
_SPBRGH                   (abs)        000FB0
_SYSTEM_INT               text4        000192
_T5CONbits                (abs)        000FB7
_TMR5                     (abs)        000F87
_TRISA                    (abs)        000F92
_TRISB                    (abs)        000F93
_TRISC                    (abs)        000F94
_TRISD                    (abs)        000F95
_TRISE                    (abs)        000F96
_TXREG                    (abs)        000FAD
_TXSTAbits                (abs)        000FAC
_Timer5_Int               text3        0001F4
_Timer5_Start             text2        0001E0
__CFG_BOREN$OFF           (abs)        000000
__CFG_BORV$45             (abs)        000000
__CFG_CP0$OFF             (abs)        000000
__CFG_CP1$OFF             (abs)        000000
__CFG_CPB$OFF             (abs)        000000
__CFG_CPD$OFF             (abs)        000000
__CFG_DEBUG$OFF           (abs)        000000
__CFG_EBTR0$OFF           (abs)        000000
__CFG_EBTR1$OFF           (abs)        000000
__CFG_EBTRB$OFF           (abs)        000000
__CFG_FCMEN$OFF           (abs)        000000
__CFG_HPOL$LOW            (abs)        000000
__CFG_IESO$OFF            (abs)        000000
__CFG_LPOL$LOW            (abs)        000000
__CFG_LVP$OFF             (abs)        000000
__CFG_MCLRE$ON            (abs)        000000
__CFG_OSC$HSPLL           (abs)        000000
__CFG_PWMPIN$OFF          (abs)        000000
__CFG_PWRTEN$ON           (abs)        000000
__CFG_SSPMX$RD1           (abs)        000000
__CFG_STVREN$ON           (abs)        000000
__CFG_T1OSCMX$OFF         (abs)        000000
__CFG_WDTEN$OFF           (abs)        000000
__CFG_WRT0$OFF            (abs)        000000
__CFG_WRT1$OFF            (abs)        000000
__CFG_WRTB$OFF            (abs)        000000
__CFG_WRTC$OFF            (abs)        000000
__CFG_WRTD$OFF            (abs)        000000
__HRAM                    (abs)        000000
__Habs1                   abs1         000000
__Hbank0                  bank0        000000
__Hbank1                  bank1        000000
__Hbank2                  bank2        000000
__Hbigbss                 bigbss       000000
__Hbigdata                bigdata      000000
__Hbigram                 bigram       000000
__Hbss                    bss          000000
__HbssCOMRAM              bssCOMRAM    000000
__Hcinit                  cinit        000000
__Hclrtext                clrtext      000000
__Hcomram                 comram       000000
__Hconfig                 config       30000E
__Hconst                  const        000000
__HcstackCOMRAM           cstackCOMRAM 000000
__Hdata                   data         000000
__HdataCOMRAM             dataCOMRAM   000000
__Heeprom_data            eeprom_data  000000
__Hend_init               end_init     0000A6
__Hfarbss                 farbss       000000
__Hfardata                fardata      000000
__Hibigdata               ibigdata     000000
__Hidata                  idata        000000
__HidataCOMRAM            idataCOMRAM  000000
__Hidloc                  idloc        200008
__Hifardata               ifardata     000000
__Hinit                   init         0000A2
__Hintcode                intcode      000018
__Hintcode_body           intcode_body 000000
__Hintcodelo              intcodelo    0000A2
__Hintentry               intentry     000000
__Hintret                 intret       000000
__Hintsave_regs           intsave_regs 000000
__Hirdata                 irdata       000000
__Hmediumconst            mediumconst  000000
__HnvFARRAM               nvFARRAM     000000
__Hnvbit                  nvbit        000000
__Hnvrram                 nvrram       000000
__Hparam                  rparam       000000
__Hpowerup                powerup      0000A2
__Hram                    ram          000000
__Hramtop                 ramtop       000300
__Hrbit                   rbit         000000
__Hrbss                   rbss         000000
__Hrdata                  rdata        000000
__Hreset_vec              reset_vec    000006
__Hrparam                 rparam       000000
__Hsfr                    sfr          000000
__Hsmallconst             smallconst   000000
__Hspace_0                (abs)        30000E
__Hspace_1                (abs)        00002A
__Hspace_2                (abs)        000000
__Hstack                  stack        000000
__Hstruct                 struct       000000
__Htemp                   temp         000000
__Htext                   text         000000
__Htext0                  text0        000000
__Htext1                  text1        000000
__Htext2                  text2        000000
__Htext3                  text3        000000
__Htext4                  text4        000000
__Htext5                  text5        000000
__Htext8                  text8        000000
__LRAM                    (abs)        000001
__Labs1                   abs1         000000
__Lbank0                  bank0        000000
__Lbank1                  bank1        000000
__Lbank2                  bank2        000000
__Lbigbss                 bigbss       000000
__Lbigdata                bigdata      000000
__Lbigram                 bigram       000000
__Lbss                    bss          000000
__LbssCOMRAM              bssCOMRAM    000000
__Lcinit                  cinit        000000
__Lclrtext                clrtext      000000
__Lcomram                 comram       000000
__Lconfig                 config       300000
__Lconst                  const        000000
__LcstackCOMRAM           cstackCOMRAM 000000
__Ldata                   data         000000
__LdataCOMRAM             dataCOMRAM   000000
__Leeprom_data            eeprom_data  000000
__Lend_init               end_init     0000A2
__Lfarbss                 farbss       000000
__Lfardata                fardata      000000
__Libigdata               ibigdata     000000
__Lidata                  idata        000000
__LidataCOMRAM            idataCOMRAM  000000
__Lidloc                  idloc        200000
__Lifardata               ifardata     000000
__Linit                   init         0000A2
__Lintcode                intcode      000008
__Lintcode_body           intcode_body 000000
__Lintcodelo              intcodelo    000018
__Lintentry               intentry     000000
__Lintret                 intret       000000
__Lintsave_regs           intsave_regs 000000
__Lirdata                 irdata       000000
__Lmediumconst            mediumconst  000000
__LnvFARRAM               nvFARRAM     000000
__Lnvbit                  nvbit        000000
__Lnvrram                 nvrram       000000
__Lparam                  rparam       000000
__Lpowerup                powerup      0000A2
__Lram                    ram          000000
__Lramtop                 ramtop       000300
__Lrbit                   rbit         000000
__Lrbss                   rbss         000000
__Lrdata                  rdata        000000
__Lreset_vec              reset_vec    000000
__Lrparam                 rparam       000000
__Lsfr                    sfr          000000
__Lsmallconst             smallconst   000000
__Lspace_0                (abs)        000000
__Lspace_1                (abs)        000000
__Lspace_2                (abs)        000000
__Lstack                  stack        000000
__Lstruct                 struct       000000
__Ltemp                   temp         000000
__Ltext                   text         000000
__Ltext0                  text0        000000
__Ltext1                  text1        000000
__Ltext2                  text2        000000
__Ltext3                  text3        000000
__Ltext4                  text4        000000
__Ltext5                  text5        000000
__Ltext8                  text8        000000
__S0                      (abs)        30000E
__S1                      (abs)        00002A
__S2                      (abs)        000000
___inthi_sp               stack        000000
___intlo_sp               stack        000000
___param_bank             (abs)        000010
___rparam_used            (abs)        000001
___sp                     stack        000000
__accesstop               (abs)        000060
__activetblptr            (abs)        000000
__end_of_CloseADC         text5        000214
__end_of_SYSTEM_INT       text4        0001BC
__end_of_Timer5_Int       text3        000204
__end_of_Timer5_Start     text2        0001F4
__end_of__initialization  cinit        00018C
__end_of_adc_get          text8        00020E
__end_of_high_isr         intcode_body 00012A
__end_of_low_isr          intcodelo    0000A2
__end_of_main             text0        000166
__end_of_uart_initialize  text1        0001E0
__initialization          cinit        000166
__mediumconst             mediumconst  000000
__pbssCOMRAM              bssCOMRAM    000027
__pcinit                  cinit        000166
__pcstackCOMRAM           cstackCOMRAM 000001
__pdataCOMRAM             dataCOMRAM   000022
__pidataCOMRAM            idataCOMRAM  000214
__pintcode                intcode      000008
__pintcode_body           intcode_body 0000A6
__pintcodelo              intcodelo    000018
__ptext0                  text0        00012A
__ptext1                  text1        0001BC
__ptext2                  text2        0001E0
__ptext3                  text3        0001F4
__ptext4                  text4        000192
__ptext5                  text5        00020E
__ptext8                  text8        000204
__ramtop                  ramtop       000300
__size_of_CloseADC        (abs)        000000
__size_of_SYSTEM_INT      (abs)        000000
__size_of_Timer5_Int      (abs)        000000
__size_of_Timer5_Start    (abs)        000000
__size_of_adc_get         (abs)        000000
__size_of_high_isr        (abs)        000000
__size_of_low_isr         (abs)        000000
__size_of_main            (abs)        000000
__size_of_uart_initialize (abs)        000000
__smallconst              smallconst   000000
_adc_get                  text8        000204
_adc_reading              dataCOMRAM   000022
_config1                  dataCOMRAM   000024
_config2                  bssCOMRAM    000029
_config3                  dataCOMRAM   000025
_config4                  dataCOMRAM   000026
_high_isr                 intcode      000008
_low_isr                  intcodelo    000018
_main                     text0        00012A
_uart_initialize          text1        0001BC
end_of_initialization     cinit        00018C
int_func                  intcode_body 0000A6
intlevel0                 text         000000
intlevel1                 text         000000
intlevel2                 text         000000
intlevel3                 text         000000
stackhi                   (abs)        0002EE
stacklo                   (abs)        000060
start                     init         0000A2
start_initialization      cinit        000166
uart_initialize@dummy     cstackCOMRAM 000020


FUNCTION INFORMATION:

 *************** function _main *****************
 Defined at:
		line 89 in file "main.c"
 Parameters:    Size  Location     Type
		None
 Auto vars:     Size  Location     Type
		None
 Return value:  Size  Location     Type
		None               void
 Registers used:
		wreg, status,2, cstack
 Tracked objects:
		On entry : 
		On exit  : 
		Unchanged: 
 Data sizes:     COMRAM   BANK0   BANK1   BANK2
      Params:         0       0       0       0
      Locals:         0       0       0       0
      Temps:          0       0       0       0
      Totals:         0       0       0       0
Total ram usage:        0 bytes
 Hardware stack levels required when called:    4
 This function calls:
		_CloseADC
		_SYSTEM_INT
		_Timer5_Int
		_Timer5_Start
		_uart_initialize
 This function is called by:
		Startup code after reset
 This function uses a non-reentrant model


 *************** function _uart_initialize *****************
 Defined at:
		line 150 in file "main.c"
 Parameters:    Size  Location     Type
		None
 Auto vars:     Size  Location     Type
  dummy           1   31[COMRAM] unsigned char 
 Return value:  Size  Location     Type
		None               void
 Registers used:
		wreg, status,2
 Tracked objects:
		On entry : 
		On exit  : 
		Unchanged: 
 Data sizes:     COMRAM   BANK0   BANK1   BANK2
      Params:         0       0       0       0
      Locals:         1       0       0       0
      Temps:          0       0       0       0
      Totals:         1       0       0       0
Total ram usage:        1 bytes
 Hardware stack levels used:    1
 Hardware stack levels required when called:    3
 This function calls:
		Nothing
 This function is called by:
		_main
 This function uses a non-reentrant model


 *************** function _Timer5_Start *****************
 Defined at:
		line 188 in file "main.c"
 Parameters:    Size  Location     Type
  PR_value        2   31[COMRAM] unsigned short 
 Auto vars:     Size  Location     Type
		None
 Return value:  Size  Location     Type
		None               void
 Registers used:
		None
 Tracked objects:
		On entry : 
		On exit  : 
		Unchanged: 
 Data sizes:     COMRAM   BANK0   BANK1   BANK2
      Params:         2       0       0       0
      Locals:         0       0       0       0
      Temps:          0       0       0       0
      Totals:         2       0       0       0
Total ram usage:        2 bytes
 Hardware stack levels used:    1
 Hardware stack levels required when called:    3
 This function calls:
		Nothing
 This function is called by:
		_main
 This function uses a non-reentrant model


 *************** function _Timer5_Int *****************
 Defined at:
		line 176 in file "main.c"
 Parameters:    Size  Location     Type
		None
 Auto vars:     Size  Location     Type
		None
 Return value:  Size  Location     Type
		None               void
 Registers used:
		wreg, status,2
 Tracked objects:
		On entry : 
		On exit  : 
		Unchanged: 
 Data sizes:     COMRAM   BANK0   BANK1   BANK2
      Params:         0       0       0       0
      Locals:         0       0       0       0
      Temps:          0       0       0       0
      Totals:         0       0       0       0
Total ram usage:        0 bytes
 Hardware stack levels used:    1
 Hardware stack levels required when called:    3
 This function calls:
		Nothing
 This function is called by:
		_main
 This function uses a non-reentrant model


 *************** function _SYSTEM_INT *****************
 Defined at:
		line 122 in file "main.c"
 Parameters:    Size  Location     Type
		None
 Auto vars:     Size  Location     Type
		None
 Return value:  Size  Location     Type
		None               void
 Registers used:
		wreg, status,2
 Tracked objects:
		On entry : 
		On exit  : 
		Unchanged: 
 Data sizes:     COMRAM   BANK0   BANK1   BANK2
      Params:         0       0       0       0
      Locals:         0       0       0       0
      Temps:          0       0       0       0
      Totals:         0       0       0       0
Total ram usage:        0 bytes
 Hardware stack levels used:    1
 Hardware stack levels required when called:    3
 This function calls:
		Nothing
 This function is called by:
		_main
 This function uses a non-reentrant model


 *************** function _CloseADC *****************
 Defined at:
		line 23 in file "C:\Program Files (x86)\Microchip\xc8\v1.34\sources\pic18\plib\ADC\adcclose.c"
 Parameters:    Size  Location     Type
		None
 Auto vars:     Size  Location     Type
		None
 Return value:  Size  Location     Type
		None               void
 Registers used:
		None
 Tracked objects:
		On entry : 
		On exit  : 
		Unchanged: 
 Data sizes:     COMRAM   BANK0   BANK1   BANK2
      Params:         0       0       0       0
      Locals:         0       0       0       0
      Temps:          0       0       0       0
      Totals:         0       0       0       0
Total ram usage:        0 bytes
 Hardware stack levels used:    1
 Hardware stack levels required when called:    3
 This function calls:
		Nothing
 This function is called by:
		_main
 This function uses a non-reentrant model


 *************** function _low_isr *****************
 Defined at:
		line 9 in file "isr.c"
 Parameters:    Size  Location     Type
		None
 Auto vars:     Size  Location     Type
		None
 Return value:  Size  Location     Type
		None               void
 Registers used:
		None
 Tracked objects:
		On entry : 
		On exit  : 
		Unchanged: 
 Data sizes:     COMRAM   BANK0   BANK1   BANK2
      Params:         0       0       0       0
      Locals:         0       0       0       0
      Temps:         17       0       0       0
      Totals:        17       0       0       0
Total ram usage:       17 bytes
 Hardware stack levels used:    1
 Hardware stack levels required when called:    2
 This function calls:
		Nothing
 This function is called by:
		Interrupt level 1
 This function uses a non-reentrant model


 *************** function _high_isr *****************
 Defined at:
		line 18 in file "isr.c"
 Parameters:    Size  Location     Type
		None
 Auto vars:     Size  Location     Type
		None
 Return value:  Size  Location     Type
		None               void
 Registers used:
		cstack
 Tracked objects:
		On entry : 
		On exit  : 
		Unchanged: 
 Data sizes:     COMRAM   BANK0   BANK1   BANK2
      Params:         0       0       0       0
      Locals:         0       0       0       0
      Temps:         14       0       0       0
      Totals:        14       0       0       0
Total ram usage:       14 bytes
 Hardware stack levels used:    1
 Hardware stack levels required when called:    1
 This function calls:
		_adc_get
 This function is called by:
		Interrupt level 2
 This function uses a non-reentrant model


 *************** function _adc_get *****************
 Defined at:
		line 7 in file "func.c"
 Parameters:    Size  Location     Type
		None
 Auto vars:     Size  Location     Type
		None
 Return value:  Size  Location     Type
		None               void
 Registers used:
		None
 Tracked objects:
		On entry : 
		On exit  : 
		Unchanged: 
 Data sizes:     COMRAM   BANK0   BANK1   BANK2
      Params:         0       0       0       0
      Locals:         0       0       0       0
      Temps:          0       0       0       0
      Totals:         0       0       0       0
Total ram usage:        0 bytes
 Hardware stack levels used:    1
 This function calls:
		Nothing
 This function is called by:
		_high_isr
 This function uses a non-reentrant model



MODULE INFORMATION

Module		Function		Class		Link	Load	Size
func.c
		_adc_get       		CODE           	0204	0000	11

func.c estimated size: 11

C:\Program Files (x86)\Microchip\xc8\v1.34\sources\pic18\plib\ADC\adcclose.c
		_CloseADC      		CODE           	020E	0000	7

C:\Program Files (x86)\Microchip\xc8\v1.34\sources\pic18\plib\ADC\adcclose.c estimated size: 7

isr.c
		_high_isr      		CODE           	0008	0000	149
		_low_isr       		CODE           	0018	0000	139

isr.c estimated size: 288

shared
		__initializatio		CODE           	0166	0000	39

shared estimated size: 39

main.c
		_main          		CODE           	012A	0000	61
		_SYSTEM_INT    		CODE           	0192	0000	43
		_Timer5_Int    		CODE           	01F4	0000	17
		_Timer5_Start  		CODE           	01E0	0000	21
		_uart_initializ		CODE           	01BC	0000	37

main.c estimated size: 179

